// Jest Snapshot v1, https://goo.gl/fbAQLP

exports[`it creates 1`] = `
<p
  className="author"
>
  Joe
</p>
`;
