// Jest Snapshot v1, https://goo.gl/fbAQLP

exports[`it creates 1`] = `
<p
  className="title"
  dangerouslySetInnerHTML={
    {
      "__html": "Evaluation of the microRNA transcriptome in feline whole blood",
    }
  }
/>
`;
